app,apis,app_dir,num_apis,num_unique_apis,virtual,static,direct,interface,super
app1,"{'Landroid/util/Log;->d(Ljava/lang/String;Ljava/lang/String;)I', 'Ljava/lang/StringBuilder;->toString()Ljava/lang/String;', 'Ljava/lang/Object;->hashCode()I', 'Ljava/lang/Object;-><init>()V', 'Ljava/lang/StringBuilder;-><init>()V', 'Ljava/io/PrintStream;->println(Ljava/lang/String;)V', 'Ljava/lang/StringBuilder;->append(Ljava/lang/Object;)Ljava/lang/StringBuilder;'}",test/testdata/app1,7,7,2,2,2,1
app2,"{'Landroid/util/Log;->d(Ljava/lang/String;Ljava/lang/String;)I', 'Ljava/lang/Object;->hashCode()I', 'Ljava/lang/StringBuilder;->toString()Ljava/lang/String;', 'Ljava/lang/Object;-><init>()V', 'Ljava/lang/StringBuilder;->append(Ljava/lang/Object;)Ljava/lang/StringBuilder;'}",test/testdata/app2,7,5,2,2,2,1
