app,app_dir
app1,test/testdata/app1
app2,test/testdata/app2
