{"app_index": {"app1": 0, "app2": 1}, "api_index": {"Landroid/util/Log;->d(Ljava/lang/String;Ljava/lang/String;)I": 0, "Ljava/io/PrintStream;->println(Ljava/lang/String;)V": 1, "Ljava/lang/Object;-><init>()V": 2, "Ljava/lang/Object;->hashCode()I": 3, "Ljava/lang/StringBuilder;-><init>()V": 4, "Ljava/lang/StringBuilder;->append(Ljava/lang/Object;)Ljava/lang/StringBuilder;": 5, "Ljava/lang/StringBuilder;->toString()Ljava/lang/String;": 6}}